Command line invocation:
    /Applications/Xcode.app/Contents/Developer/usr/bin/xcodebuild -scheme Warden -destination platform=macOS build

Resolve Package Graph


Resolved source packages:
  swift-markdown: https://github.com/swiftlang/swift-markdown @ 0.6.0
  KeychainAccess: https://github.com/kishikawakatsumi/KeychainAccess @ master (e0c7eeb)
  cmark-gfm: https://github.com/swiftlang/swift-cmark.git @ 0.6.0
  Highlightr: https://github.com/raspu/Highlightr @ master (bcf2d05)
  AttributedText: https://github.com/gonzalezreal/AttributedText @ 1.0.1
  Sparkle: https://github.com/sparkle-project/Sparkle @ 2.6.4
  SwiftMath: https://github.com/mgriebling/SwiftMath @ 1.7.1
  OmenTextField: https://github.com/Renset/OmenTextField @ main (4e07709)

--- xcodebuild: WARNING: Using the first of multiple matching destinations:
{ platform:macOS, arch:arm64, id:00008103-0016395036D1001E, name:My Mac }
{ platform:macOS, arch:x86_64, id:00008103-0016395036D1001E, name:My Mac }
ComputePackagePrebuildTargetDependencyGraph

Prepare packages

CreateBuildRequest

SendProjectDescription

CreateBuildOperation

ComputeTargetDependencyGraph
note: Building targets in dependency order
note: Target dependency graph (21 targets)
    Target 'Warden' in project 'Warden'
        ➜ Explicit dependency on target 'Highlightr' in project 'Highlightr'
        ➜ Explicit dependency on target 'OmenTextField' in project 'OmenTextField'
        ➜ Explicit dependency on target 'KeychainAccess' in project 'KeychainAccess'
        ➜ Explicit dependency on target 'Markdown' in project 'swift-markdown'
        ➜ Explicit dependency on target 'SwiftMath' in project 'SwiftMath'
        ➜ Explicit dependency on target 'Sparkle' in project 'Sparkle'
        ➜ Explicit dependency on target 'AttributedText' in project 'AttributedText'
    Target 'AttributedText' in project 'AttributedText'
        ➜ Explicit dependency on target 'AttributedText' in project 'AttributedText'
    Target 'AttributedText' in project 'AttributedText' (no dependencies)
    Target 'Sparkle' in project 'Sparkle' (no dependencies)
    Target 'SwiftMath' in project 'SwiftMath'
        ➜ Explicit dependency on target 'SwiftMath' in project 'SwiftMath'
        ➜ Explicit dependency on target 'SwiftMath_SwiftMath' in project 'SwiftMath'
    Target 'SwiftMath' in project 'SwiftMath'
        ➜ Explicit dependency on target 'SwiftMath_SwiftMath' in project 'SwiftMath'
    Target 'SwiftMath_SwiftMath' in project 'SwiftMath' (no dependencies)
    Target 'Markdown' in project 'swift-markdown'
        ➜ Explicit dependency on target 'Markdown' in project 'swift-markdown'
        ➜ Explicit dependency on target 'CAtomic' in project 'swift-markdown'
        ➜ Explicit dependency on target 'cmark-gfm' in project 'cmark-gfm'
        ➜ Explicit dependency on target 'cmark-gfm-extensions' in project 'cmark-gfm'
    Target 'Markdown' in project 'swift-markdown'
        ➜ Explicit dependency on target 'CAtomic' in project 'swift-markdown'
        ➜ Explicit dependency on target 'cmark-gfm' in project 'cmark-gfm'
        ➜ Explicit dependency on target 'cmark-gfm-extensions' in project 'cmark-gfm'
    Target 'cmark-gfm-extensions' in project 'cmark-gfm'
        ➜ Explicit dependency on target 'cmark-gfm-extensions' in project 'cmark-gfm'
        ➜ Explicit dependency on target 'cmark-gfm' in project 'cmark-gfm'
    Target 'cmark-gfm-extensions' in project 'cmark-gfm'
        ➜ Explicit dependency on target 'cmark-gfm' in project 'cmark-gfm'
    Target 'cmark-gfm' in project 'cmark-gfm'
        ➜ Explicit dependency on target 'cmark-gfm' in project 'cmark-gfm'
    Target 'cmark-gfm' in project 'cmark-gfm' (no dependencies)
    Target 'CAtomic' in project 'swift-markdown' (no dependencies)
    Target 'KeychainAccess' in project 'KeychainAccess'
        ➜ Explicit dependency on target 'KeychainAccess' in project 'KeychainAccess'
    Target 'KeychainAccess' in project 'KeychainAccess' (no dependencies)
    Target 'OmenTextField' in project 'OmenTextField'
        ➜ Explicit dependency on target 'OmenTextField' in project 'OmenTextField'
    Target 'OmenTextField' in project 'OmenTextField' (no dependencies)
    Target 'Highlightr' in project 'Highlightr'
        ➜ Explicit dependency on target 'Highlightr' in project 'Highlightr'
        ➜ Explicit dependency on target 'Highlightr_Highlightr' in project 'Highlightr'
    Target 'Highlightr' in project 'Highlightr'
        ➜ Explicit dependency on target 'Highlightr_Highlightr' in project 'Highlightr'
    Target 'Highlightr_Highlightr' in project 'Highlightr' (no dependencies)

GatherProvisioningInputs

CreateBuildDescription

ClangStatCache /Applications/Xcode.app/Contents/Developer/Toolchains/XcodeDefault.xctoolchain/usr/bin/clang-stat-cache /Applications/Xcode.app/Contents/Developer/Platforms/MacOSX.platform/Developer/SDKs/MacOSX26.1.sdk /Users/karatsidhu/Library/Developer/Xcode/DerivedData/SDKStatCaches.noindex/macosx26.1-25B74-3ae1261907bdadc328169391a47051a6.sdkstatcache
    cd /Users/karatsidhu/Developer/WardenApp/Warden.xcodeproj
    /Applications/Xcode.app/Contents/Developer/Toolchains/XcodeDefault.xctoolchain/usr/bin/clang-stat-cache /Applications/Xcode.app/Contents/Developer/Platforms/MacOSX.platform/Developer/SDKs/MacOSX26.1.sdk -o /Users/karatsidhu/Library/Developer/Xcode/DerivedData/SDKStatCaches.noindex/macosx26.1-25B74-3ae1261907bdadc328169391a47051a6.sdkstatcache

warning: Skipping duplicate build file in Compile Sources build phase: /Users/karatsidhu/Developer/WardenApp/Warden/Utilities/ModelMetadataFetcher.swift (in target 'Warden' from project 'Warden')
SwiftDriver Warden normal arm64 com.apple.xcode.tools.swift.compiler (in target 'Warden' from project 'Warden')
    cd /Users/karatsidhu/Developer/WardenApp
    builtin-SwiftDriver -- /Applications/Xcode.app/Contents/Developer/Toolchains/XcodeDefault.xctoolchain/usr/bin/swiftc -module-name Warden -Onone -enforce-exclusivity\=checked @/Users/karatsidhu/Library/Developer/Xcode/DerivedData/Warden-egfgtvcdgemxbigyyqzfhhhpjiff/Build/Intermediates.noindex/Warden.build/Debug/Warden.build/Objects-normal/arm64/Warden.SwiftFileList -DDEBUG -enable-bare-slash-regex -enable-experimental-feature DebugDescriptionMacro -sdk /Applications/Xcode.app/Contents/Developer/Platforms/MacOSX.platform/Developer/SDKs/MacOSX26.1.sdk -target arm64-apple-macos15.0 -g -module-cache-path /Users/karatsidhu/Library/Developer/Xcode/DerivedData/ModuleCache.noindex -Xfrontend -serialize-debugging-options -profile-coverage-mapping -profile-generate -enable-testing -index-store-path /Users/karatsidhu/Library/Developer/Xcode/DerivedData/Warden-egfgtvcdgemxbigyyqzfhhhpjiff/Index.noindex/DataStore -Xcc -D_LIBCPP_HARDENING_MODE\=_LIBCPP_HARDENING_MODE_DEBUG -swift-version 5 -I /Users/karatsidhu/Library/Developer/Xcode/DerivedData/Warden-egfgtvcdgemxbigyyqzfhhhpjiff/Build/Products/Debug -F /Users/karatsidhu/Library/Developer/Xcode/DerivedData/Warden-egfgtvcdgemxbigyyqzfhhhpjiff/Build/Products/Debug/PackageFrameworks -F /Users/karatsidhu/Library/Developer/Xcode/DerivedData/Warden-egfgtvcdgemxbigyyqzfhhhpjiff/Build/Products/Debug/PackageFrameworks -F /Users/karatsidhu/Library/Developer/Xcode/DerivedData/Warden-egfgtvcdgemxbigyyqzfhhhpjiff/Build/Products/Debug/PackageFrameworks -F /Users/karatsidhu/Library/Developer/Xcode/DerivedData/Warden-egfgtvcdgemxbigyyqzfhhhpjiff/Build/Products/Debug/PackageFrameworks -F /Users/karatsidhu/Library/Developer/Xcode/DerivedData/Warden-egfgtvcdgemxbigyyqzfhhhpjiff/Build/Products/Debug/PackageFrameworks -F /Users/karatsidhu/Library/Developer/Xcode/DerivedData/Warden-egfgtvcdgemxbigyyqzfhhhpjiff/Build/Products/Debug/PackageFrameworks -F /Users/karatsidhu/Library/Developer/Xcode/DerivedData/Warden-egfgtvcdgemxbigyyqzfhhhpjiff/Build/Products/Debug/PackageFrameworks -F /Users/karatsidhu/Library/Developer/Xcode/DerivedData/Warden-egfgtvcdgemxbigyyqzfhhhpjiff/Build/Products/Debug/PackageFrameworks -F /Users/karatsidhu/Library/Developer/Xcode/DerivedData/Warden-egfgtvcdgemxbigyyqzfhhhpjiff/Build/Products/Debug/PackageFrameworks -F /Users/karatsidhu/Library/Developer/Xcode/DerivedData/Warden-egfgtvcdgemxbigyyqzfhhhpjiff/Build/Products/Debug -emit-localized-strings -emit-localized-strings-path /Users/karatsidhu/Library/Developer/Xcode/DerivedData/Warden-egfgtvcdgemxbigyyqzfhhhpjiff/Build/Intermediates.noindex/Warden.build/Debug/Warden.build/Objects-normal/arm64 -c -j8 -enable-batch-mode -incremental -Xcc -ivfsstatcache -Xcc /Users/karatsidhu/Library/Developer/Xcode/DerivedData/SDKStatCaches.noindex/macosx26.1-25B74-3ae1261907bdadc328169391a47051a6.sdkstatcache -output-file-map /Users/karatsidhu/Library/Developer/Xcode/DerivedData/Warden-egfgtvcdgemxbigyyqzfhhhpjiff/Build/Intermediates.noindex/Warden.build/Debug/Warden.build/Objects-normal/arm64/Warden-OutputFileMap.json -use-frontend-parseable-output -save-temps -no-color-diagnostics -explicit-module-build -module-cache-path /Users/karatsidhu/Library/Developer/Xcode/DerivedData/Warden-egfgtvcdgemxbigyyqzfhhhpjiff/Build/Intermediates.noindex/SwiftExplicitPrecompiledModules -clang-scanner-module-cache-path /Users/karatsidhu/Library/Developer/Xcode/DerivedData/ModuleCache.noindex -sdk-module-cache-path /Users/karatsidhu/Library/Developer/Xcode/DerivedData/ModuleCache.noindex -serialize-diagnostics -emit-dependencies -emit-module -emit-module-path /Users/karatsidhu/Library/Developer/Xcode/DerivedData/Warden-egfgtvcdgemxbigyyqzfhhhpjiff/Build/Intermediates.noindex/Warden.build/Debug/Warden.build/Objects-normal/arm64/Warden.swiftmodule -validate-clang-modules-once -clang-build-session-file /Users/karatsidhu/Library/Developer/Xcode/DerivedData/ModuleCache.noindex/Session.modulevalidation -Xcc -I/Users/karatsidhu/Library/Developer/Xcode/DerivedData/Warden-egfgtvcdgemxbigyyqzfhhhpjiff/Build/Intermediates.noindex/Warden.build/Debug/Warden.build/swift-overrides.hmap -emit-const-values -Xfrontend -const-gather-protocols-file -Xfrontend /Users/karatsidhu/Library/Developer/Xcode/DerivedData/Warden-egfgtvcdgemxbigyyqzfhhhpjiff/Build/Intermediates.noindex/Warden.build/Debug/Warden.build/Objects-normal/arm64/Warden_const_extract_protocols.json -Xcc -iquote -Xcc /Users/karatsidhu/Library/Developer/Xcode/DerivedData/Warden-egfgtvcdgemxbigyyqzfhhhpjiff/Build/Intermediates.noindex/Warden.build/Debug/Warden.build/Warden-generated-files.hmap -Xcc -I/Users/karatsidhu/Library/Developer/Xcode/DerivedData/Warden-egfgtvcdgemxbigyyqzfhhhpjiff/Build/Intermediates.noindex/Warden.build/Debug/Warden.build/Warden-own-target-headers.hmap -Xcc -I/Users/karatsidhu/Library/Developer/Xcode/DerivedData/Warden-egfgtvcdgemxbigyyqzfhhhpjiff/Build/Intermediates.noindex/Warden.build/Debug/Warden.build/Warden-all-non-framework-target-headers.hmap -Xcc -ivfsoverlay -Xcc /Users/karatsidhu/Library/Developer/Xcode/DerivedData/Warden-egfgtvcdgemxbigyyqzfhhhpjiff/Build/Intermediates.noindex/Warden.build/Debug/Warden-6734d802df34cfc5f15439931c9b84c2-VFS/all-product-headers.yaml -Xcc -iquote -Xcc /Users/karatsidhu/Library/Developer/Xcode/DerivedData/Warden-egfgtvcdgemxbigyyqzfhhhpjiff/Build/Intermediates.noindex/Warden.build/Debug/Warden.build/Warden-project-headers.hmap -Xcc -I/Users/karatsidhu/Library/Developer/Xcode/DerivedData/Warden-egfgtvcdgemxbigyyqzfhhhpjiff/SourcePackages/checkouts/swift-cmark/src/include -Xcc -I/Users/karatsidhu/Library/Developer/Xcode/DerivedData/Warden-egfgtvcdgemxbigyyqzfhhhpjiff/SourcePackages/checkouts/swift-cmark/extensions/include -Xcc -I/Users/karatsidhu/Library/Developer/Xcode/DerivedData/Warden-egfgtvcdgemxbigyyqzfhhhpjiff/SourcePackages/checkouts/swift-markdown/Sources/CAtomic/include -Xcc -I/Users/karatsidhu/Library/Developer/Xcode/DerivedData/Warden-egfgtvcdgemxbigyyqzfhhhpjiff/Build/Products/Debug/include -Xcc -I/Users/karatsidhu/Library/Developer/Xcode/DerivedData/Warden-egfgtvcdgemxbigyyqzfhhhpjiff/Build/Intermediates.noindex/Warden.build/Debug/Warden.build/DerivedSources-normal/arm64 -Xcc -I/Users/karatsidhu/Library/Developer/Xcode/DerivedData/Warden-egfgtvcdgemxbigyyqzfhhhpjiff/Build/Intermediates.noindex/Warden.build/Debug/Warden.build/DerivedSources/arm64 -Xcc -I/Users/karatsidhu/Library/Developer/Xcode/DerivedData/Warden-egfgtvcdgemxbigyyqzfhhhpjiff/Build/Intermediates.noindex/Warden.build/Debug/Warden.build/DerivedSources -Xcc -DDEBUG\=1 -emit-objc-header -emit-objc-header-path /Users/karatsidhu/Library/Developer/Xcode/DerivedData/Warden-egfgtvcdgemxbigyyqzfhhhpjiff/Build/Intermediates.noindex/Warden.build/Debug/Warden.build/Objects-normal/arm64/Warden-Swift.h -working-directory /Users/karatsidhu/Developer/WardenApp -experimental-emit-module-separately -disable-cmo

SwiftCompile normal arm64 Compiling\ TabContributionsView.swift,\ MessageContentView.swift,\ ModelInfoTooltip.swift,\ ModelSelectionView.swift,\ InteractiveOnboardingView.swift,\ PersonaSelectorView.swift,\ SearchProgressView.swift,\ CitationBadgeView.swift,\ SearchErrorView.swift,\ SearchResultsPreviewView.swift,\ ThinkingProcessView.swift,\ FavoriteQuickAccessBar.swift,\ HotkeyModels.swift,\ MessageListView.swift,\ TabTavilySearchView.swift,\ ChatListView.swift,\ APIServiceManager.swift /Users/karatsidhu/Developer/WardenApp/Warden/UI/Preferences/TabContributionsView.swift /Users/karatsidhu/Developer/WardenApp/Warden/UI/Chat/BubbleView/MessageContentView.swift /Users/karatsidhu/Developer/WardenApp/Warden/UI/Components/ModelInfoTooltip.swift /Users/karatsidhu/Developer/WardenApp/Warden/UI/Preferences/TabAPIServices/ModelSelectionView.swift /Users/karatsidhu/Developer/WardenApp/Warden/UI/WelcomeScreen/InteractiveOnboardingView.swift /Users/karatsidhu/Developer/WardenApp/Warden/UI/Chat/BottomContainer/PersonaSelectorView.swift /Users/karatsidhu/Developer/WardenApp/Warden/UI/Chat/Components/SearchProgressView.swift /Users/karatsidhu/Developer/WardenApp/Warden/UI/Chat/Components/CitationBadgeView.swift /Users/karatsidhu/Developer/WardenApp/Warden/UI/Chat/Components/SearchErrorView.swift /Users/karatsidhu/Developer/WardenApp/Warden/UI/Chat/Components/SearchResultsPreviewView.swift /Users/karatsidhu/Developer/WardenApp/Warden/UI/Chat/ThinkingProcessView.swift /Users/karatsidhu/Developer/WardenApp/Warden/UI/Components/FavoriteQuickAccessBar.swift /Users/karatsidhu/Developer/WardenApp/Warden/Models/HotkeyModels.swift /Users/karatsidhu/Developer/WardenApp/Warden/UI/Chat/MessageListView.swift /Users/karatsidhu/Developer/WardenApp/Warden/UI/Preferences/TabTavilySearchView.swift /Users/karatsidhu/Developer/WardenApp/Warden/UI/ChatList/ChatListView.swift /Users/karatsidhu/Developer/WardenApp/Warden/Utilities/APIServiceManager.swift (in target 'Warden' from project 'Warden')

SwiftCompile normal arm64 /Users/karatsidhu/Developer/WardenApp/Warden/UI/Preferences/TabContributionsView.swift (in target 'Warden' from project 'Warden')
    cd /Users/karatsidhu/Developer/WardenApp
    

SwiftCompile normal arm64 /Users/karatsidhu/Developer/WardenApp/Warden/UI/Chat/BubbleView/MessageContentView.swift (in target 'Warden' from project 'Warden')
    cd /Users/karatsidhu/Developer/WardenApp
    

SwiftCompile normal arm64 /Users/karatsidhu/Developer/WardenApp/Warden/UI/Components/ModelInfoTooltip.swift (in target 'Warden' from project 'Warden')
    cd /Users/karatsidhu/Developer/WardenApp
    

SwiftCompile normal arm64 /Users/karatsidhu/Developer/WardenApp/Warden/UI/Preferences/TabAPIServices/ModelSelectionView.swift (in target 'Warden' from project 'Warden')
    cd /Users/karatsidhu/Developer/WardenApp
    

SwiftCompile normal arm64 /Users/karatsidhu/Developer/WardenApp/Warden/UI/WelcomeScreen/InteractiveOnboardingView.swift (in target 'Warden' from project 'Warden')
    cd /Users/karatsidhu/Developer/WardenApp
    

SwiftCompile normal arm64 /Users/karatsidhu/Developer/WardenApp/Warden/UI/Chat/BottomContainer/PersonaSelectorView.swift (in target 'Warden' from project 'Warden')
    cd /Users/karatsidhu/Developer/WardenApp
    

SwiftCompile normal arm64 /Users/karatsidhu/Developer/WardenApp/Warden/UI/Chat/Components/SearchProgressView.swift (in target 'Warden' from project 'Warden')
    cd /Users/karatsidhu/Developer/WardenApp
    

SwiftCompile normal arm64 /Users/karatsidhu/Developer/WardenApp/Warden/UI/Chat/Components/CitationBadgeView.swift (in target 'Warden' from project 'Warden')
    cd /Users/karatsidhu/Developer/WardenApp
    

SwiftCompile normal arm64 /Users/karatsidhu/Developer/WardenApp/Warden/UI/Chat/Components/SearchErrorView.swift (in target 'Warden' from project 'Warden')
    cd /Users/karatsidhu/Developer/WardenApp
    

SwiftCompile normal arm64 /Users/karatsidhu/Developer/WardenApp/Warden/UI/Chat/Components/SearchResultsPreviewView.swift (in target 'Warden' from project 'Warden')
    cd /Users/karatsidhu/Developer/WardenApp
    

SwiftCompile normal arm64 /Users/karatsidhu/Developer/WardenApp/Warden/UI/Chat/ThinkingProcessView.swift (in target 'Warden' from project 'Warden')
    cd /Users/karatsidhu/Developer/WardenApp
    

SwiftCompile normal arm64 /Users/karatsidhu/Developer/WardenApp/Warden/UI/Components/FavoriteQuickAccessBar.swift (in target 'Warden' from project 'Warden')
    cd /Users/karatsidhu/Developer/WardenApp
    

SwiftCompile normal arm64 /Users/karatsidhu/Developer/WardenApp/Warden/Models/HotkeyModels.swift (in target 'Warden' from project 'Warden')
    cd /Users/karatsidhu/Developer/WardenApp
    

SwiftCompile normal arm64 /Users/karatsidhu/Developer/WardenApp/Warden/UI/Chat/MessageListView.swift (in target 'Warden' from project 'Warden')
    cd /Users/karatsidhu/Developer/WardenApp
    

SwiftCompile normal arm64 /Users/karatsidhu/Developer/WardenApp/Warden/UI/Preferences/TabTavilySearchView.swift (in target 'Warden' from project 'Warden')
    cd /Users/karatsidhu/Developer/WardenApp
    

SwiftCompile normal arm64 /Users/karatsidhu/Developer/WardenApp/Warden/UI/ChatList/ChatListView.swift (in target 'Warden' from project 'Warden')
    cd /Users/karatsidhu/Developer/WardenApp
    

SwiftCompile normal arm64 /Users/karatsidhu/Developer/WardenApp/Warden/Utilities/APIServiceManager.swift (in target 'Warden' from project 'Warden')
    cd /Users/karatsidhu/Developer/WardenApp
    

SwiftEmitModule normal arm64 Emitting\ module\ for\ Warden (in target 'Warden' from project 'Warden')

EmitSwiftModule normal arm64 (in target 'Warden' from project 'Warden')
    cd /Users/karatsidhu/Developer/WardenApp
    

SwiftCompile normal arm64 Compiling\ TypingIndicatorView.swift,\ PerplexityHandler.swift,\ MessageManager.swift,\ ClickableAttributedText.swift,\ HighlighterManager.swift,\ FilePreviewView.swift,\ Models.swift,\ MultiAgentServiceSelector.swift,\ MultiAgentResponseView.swift,\ ChatShareMenu.swift,\ ModelCacheManager.swift,\ HighlightedText.swift,\ TabGeneralSettingsView.swift,\ OllamaHandler.swift,\ SelectedModelsManager.swift,\ SettingsWindowManager.swift /Users/karatsidhu/Developer/WardenApp/Warden/UI/Components/TypingIndicatorView.swift /Users/karatsidhu/Developer/WardenApp/Warden/Utilities/APIHandlers/PerplexityHandler.swift /Users/karatsidhu/Developer/WardenApp/Warden/Utilities/MessageManager.swift /Users/karatsidhu/Developer/WardenApp/Warden/UI/Components/ClickableAttributedText.swift /Users/karatsidhu/Developer/WardenApp/Warden/UI/Chat/CodeView/HighlighterManager.swift /Users/karatsidhu/Developer/WardenApp/Warden/UI/Components/FilePreviewView.swift /Users/karatsidhu/Developer/WardenApp/Warden/Models/Models.swift /Users/karatsidhu/Developer/WardenApp/Warden/UI/Chat/MultiAgentServiceSelector.swift /Users/karatsidhu/Developer/WardenApp/Warden/UI/Chat/MultiAgentResponseView.swift /Users/karatsidhu/Developer/WardenApp/Warden/UI/Components/ChatShareMenu.swift /Users/karatsidhu/Developer/WardenApp/Warden/Utilities/ModelCacheManager.swift /Users/karatsidhu/Developer/WardenApp/Warden/UI/Components/HighlightedText.swift /Users/karatsidhu/Developer/WardenApp/Warden/UI/Preferences/TabGeneralSettingsView.swift /Users/karatsidhu/Developer/WardenApp/Warden/Utilities/APIHandlers/OllamaHandler.swift /Users/karatsidhu/Developer/WardenApp/Warden/Utilities/SelectedModelsManager.swift /Users/karatsidhu/Developer/WardenApp/Warden/Utilities/SettingsWindowManager.swift (in target 'Warden' from project 'Warden')
SwiftCompile normal arm64 /Users/karatsidhu/Developer/WardenApp/Warden/UI/Components/TypingIndicatorView.swift (in target 'Warden' from project 'Warden')
    cd /Users/karatsidhu/Developer/WardenApp
    

SwiftCompile normal arm64 /Users/karatsidhu/Developer/WardenApp/Warden/Utilities/APIHandlers/PerplexityHandler.swift (in target 'Warden' from project 'Warden')
    cd /Users/karatsidhu/Developer/WardenApp
    

SwiftCompile normal arm64 /Users/karatsidhu/Developer/WardenApp/Warden/Utilities/MessageManager.swift (in target 'Warden' from project 'Warden')
    cd /Users/karatsidhu/Developer/WardenApp
    

SwiftCompile normal arm64 /Users/karatsidhu/Developer/WardenApp/Warden/UI/Components/ClickableAttributedText.swift (in target 'Warden' from project 'Warden')
    cd /Users/karatsidhu/Developer/WardenApp
    

SwiftCompile normal arm64 /Users/karatsidhu/Developer/WardenApp/Warden/UI/Chat/CodeView/HighlighterManager.swift (in target 'Warden' from project 'Warden')
    cd /Users/karatsidhu/Developer/WardenApp
    

SwiftCompile normal arm64 /Users/karatsidhu/Developer/WardenApp/Warden/UI/Components/FilePreviewView.swift (in target 'Warden' from project 'Warden')
    cd /Users/karatsidhu/Developer/WardenApp
    

SwiftCompile normal arm64 /Users/karatsidhu/Developer/WardenApp/Warden/Models/Models.swift (in target 'Warden' from project 'Warden')
    cd /Users/karatsidhu/Developer/WardenApp
    

SwiftCompile normal arm64 /Users/karatsidhu/Developer/WardenApp/Warden/UI/Chat/MultiAgentServiceSelector.swift (in target 'Warden' from project 'Warden')
    cd /Users/karatsidhu/Developer/WardenApp
    

SwiftCompile normal arm64 /Users/karatsidhu/Developer/WardenApp/Warden/UI/Chat/MultiAgentResponseView.swift (in target 'Warden' from project 'Warden')
    cd /Users/karatsidhu/Developer/WardenApp
    

SwiftCompile normal arm64 /Users/karatsidhu/Developer/WardenApp/Warden/UI/Components/ChatShareMenu.swift (in target 'Warden' from project 'Warden')
    cd /Users/karatsidhu/Developer/WardenApp
    

SwiftCompile normal arm64 /Users/karatsidhu/Developer/WardenApp/Warden/Utilities/ModelCacheManager.swift (in target 'Warden' from project 'Warden')
    cd /Users/karatsidhu/Developer/WardenApp
    

SwiftCompile normal arm64 /Users/karatsidhu/Developer/WardenApp/Warden/UI/Components/HighlightedText.swift (in target 'Warden' from project 'Warden')
    cd /Users/karatsidhu/Developer/WardenApp
    

SwiftCompile normal arm64 /Users/karatsidhu/Developer/WardenApp/Warden/UI/Preferences/TabGeneralSettingsView.swift (in target 'Warden' from project 'Warden')
    cd /Users/karatsidhu/Developer/WardenApp
    

SwiftCompile normal arm64 /Users/karatsidhu/Developer/WardenApp/Warden/Utilities/APIHandlers/OllamaHandler.swift (in target 'Warden' from project 'Warden')
    cd /Users/karatsidhu/Developer/WardenApp
    

SwiftCompile normal arm64 /Users/karatsidhu/Developer/WardenApp/Warden/Utilities/SelectedModelsManager.swift (in target 'Warden' from project 'Warden')
    cd /Users/karatsidhu/Developer/WardenApp
    

SwiftCompile normal arm64 /Users/karatsidhu/Developer/WardenApp/Warden/Utilities/SettingsWindowManager.swift (in target 'Warden' from project 'Warden')
    cd /Users/karatsidhu/Developer/WardenApp
    

SwiftCompile normal arm64 Compiling\ BaseAPIHandler.swift,\ SSEStreamParser.swift,\ ChatService.swift,\ ThemeMode.swift,\ MoveToProjectView.swift,\ MessageCell.swift,\ ErrorBubbleView.swift,\ ProjectSummaryButton.swift,\ ChatBubbleView.swift,\ ProjectListView.swift,\ ChatGPTHandler.swift,\ ModernButton.swift,\ SceneKitParticlesView.swift,\ MessageContent.swift,\ ImageAttachment.swift,\ DeepseekHandler.swift,\ FavoriteModelsManager.swift /Users/karatsidhu/Developer/WardenApp/Warden/Utilities/APIHandlers/BaseAPIHandler.swift /Users/karatsidhu/Developer/WardenApp/Warden/Utilities/SSEStreamParser.swift /Users/karatsidhu/Developer/WardenApp/Warden/Utilities/ChatService.swift /Users/karatsidhu/Developer/WardenApp/Warden/UI/Components/ThemeMode.swift /Users/karatsidhu/Developer/WardenApp/Warden/UI/ChatList/MoveToProjectView.swift /Users/karatsidhu/Developer/WardenApp/Warden/UI/ChatList/MessageCell.swift /Users/karatsidhu/Developer/WardenApp/Warden/UI/Chat/BubbleView/ErrorBubbleView.swift /Users/karatsidhu/Developer/WardenApp/Warden/UI/Chat/ProjectSummaryButton.swift /Users/karatsidhu/Developer/WardenApp/Warden/UI/Chat/BubbleView/ChatBubbleView.swift /Users/karatsidhu/Developer/WardenApp/Warden/UI/ChatList/ProjectListView.swift /Users/karatsidhu/Developer/WardenApp/Warden/Utilities/APIHandlers/ChatGPTHandler.swift /Users/karatsidhu/Developer/WardenApp/Warden/UI/Components/ModernButton.swift /Users/karatsidhu/Developer/WardenApp/Warden/UI/WelcomeScreen/SceneKitParticlesView.swift /Users/karatsidhu/Developer/WardenApp/Warden/Models/MessageContent.swift /Users/karatsidhu/Developer/WardenApp/Warden/Models/ImageAttachment.swift /Users/karatsidhu/Developer/WardenApp/Warden/Utilities/APIHandlers/DeepseekHandler.swift /Users/karatsidhu/Developer/WardenApp/Warden/Utilities/FavoriteModelsManager.swift (in target 'Warden' from project 'Warden')
SwiftCompile normal arm64 /Users/karatsidhu/Developer/WardenApp/Warden/Utilities/APIHandlers/BaseAPIHandler.swift (in target 'Warden' from project 'Warden')
    cd /Users/karatsidhu/Developer/WardenApp
    

SwiftCompile normal arm64 /Users/karatsidhu/Developer/WardenApp/Warden/Utilities/SSEStreamParser.swift (in target 'Warden' from project 'Warden')
    cd /Users/karatsidhu/Developer/WardenApp
    

SwiftCompile normal arm64 /Users/karatsidhu/Developer/WardenApp/Warden/Utilities/ChatService.swift (in target 'Warden' from project 'Warden')
    cd /Users/karatsidhu/Developer/WardenApp
    

SwiftCompile normal arm64 /Users/karatsidhu/Developer/WardenApp/Warden/UI/Components/ThemeMode.swift (in target 'Warden' from project 'Warden')
    cd /Users/karatsidhu/Developer/WardenApp
    

SwiftCompile normal arm64 /Users/karatsidhu/Developer/WardenApp/Warden/UI/ChatList/MoveToProjectView.swift (in target 'Warden' from project 'Warden')
    cd /Users/karatsidhu/Developer/WardenApp
    

SwiftCompile normal arm64 /Users/karatsidhu/Developer/WardenApp/Warden/UI/ChatList/MessageCell.swift (in target 'Warden' from project 'Warden')
    cd /Users/karatsidhu/Developer/WardenApp
    

SwiftCompile normal arm64 /Users/karatsidhu/Developer/WardenApp/Warden/UI/Chat/BubbleView/ErrorBubbleView.swift (in target 'Warden' from project 'Warden')
    cd /Users/karatsidhu/Developer/WardenApp
    

SwiftCompile normal arm64 /Users/karatsidhu/Developer/WardenApp/Warden/UI/Chat/ProjectSummaryButton.swift (in target 'Warden' from project 'Warden')
    cd /Users/karatsidhu/Developer/WardenApp
    

SwiftCompile normal arm64 /Users/karatsidhu/Developer/WardenApp/Warden/UI/Chat/BubbleView/ChatBubbleView.swift (in target 'Warden' from project 'Warden')
    cd /Users/karatsidhu/Developer/WardenApp
    

SwiftCompile normal arm64 /Users/karatsidhu/Developer/WardenApp/Warden/UI/ChatList/ProjectListView.swift (in target 'Warden' from project 'Warden')
    cd /Users/karatsidhu/Developer/WardenApp
    

SwiftCompile normal arm64 /Users/karatsidhu/Developer/WardenApp/Warden/Utilities/APIHandlers/ChatGPTHandler.swift (in target 'Warden' from project 'Warden')
    cd /Users/karatsidhu/Developer/WardenApp
    

SwiftCompile normal arm64 /Users/karatsidhu/Developer/WardenApp/Warden/UI/Components/ModernButton.swift (in target 'Warden' from project 'Warden')
    cd /Users/karatsidhu/Developer/WardenApp
    

SwiftCompile normal arm64 /Users/karatsidhu/Developer/WardenApp/Warden/UI/WelcomeScreen/SceneKitParticlesView.swift (in target 'Warden' from project 'Warden')
    cd /Users/karatsidhu/Developer/WardenApp
    

SwiftCompile normal arm64 /Users/karatsidhu/Developer/WardenApp/Warden/Models/MessageContent.swift (in target 'Warden' from project 'Warden')
    cd /Users/karatsidhu/Developer/WardenApp
    

SwiftCompile normal arm64 /Users/karatsidhu/Developer/WardenApp/Warden/Models/ImageAttachment.swift (in target 'Warden' from project 'Warden')
    cd /Users/karatsidhu/Developer/WardenApp
    

SwiftCompile normal arm64 /Users/karatsidhu/Developer/WardenApp/Warden/Utilities/APIHandlers/DeepseekHandler.swift (in target 'Warden' from project 'Warden')
    cd /Users/karatsidhu/Developer/WardenApp
    

SwiftCompile normal arm64 /Users/karatsidhu/Developer/WardenApp/Warden/Utilities/FavoriteModelsManager.swift (in target 'Warden' from project 'Warden')
    cd /Users/karatsidhu/Developer/WardenApp
    

SwiftCompile normal arm64 Compiling\ MistralHandler.swift,\ TabAPIServicesView.swift,\ ChatViewModel.swift,\ FileAttachment.swift,\ AnimationShowcase.swift,\ ContentView.swift,\ HTMLPreviewView.swift,\ RephraseButton.swift,\ TableView.swift,\ TokenManager.swift,\ SwipeModifier.swift,\ ButtonWithStatusIndicator.swift,\ LMStudioHandler.swift,\ ChatListRow.swift,\ WelcomeScreen.swift,\ APIServiceDetailViewModel.swift,\ ToastNotification.swift /Users/karatsidhu/Developer/WardenApp/Warden/Utilities/APIHandlers/MistralHandler.swift /Users/karatsidhu/Developer/WardenApp/Warden/UI/Preferences/TabAPIServicesView.swift /Users/karatsidhu/Developer/WardenApp/Warden/UI/Chat/ChatViewModel.swift /Users/karatsidhu/Developer/WardenApp/Warden/Models/FileAttachment.swift /Users/karatsidhu/Developer/WardenApp/Warden/UI/AnimationShowcase.swift /Users/karatsidhu/Developer/WardenApp/Warden/UI/ContentView.swift /Users/karatsidhu/Developer/WardenApp/Warden/UI/Chat/HTMLPreviewView.swift /Users/karatsidhu/Developer/WardenApp/Warden/UI/Components/RephraseButton.swift /Users/karatsidhu/Developer/WardenApp/Warden/UI/Chat/BubbleView/TableView.swift /Users/karatsidhu/Developer/WardenApp/Warden/Utilities/TokenManager.swift /Users/karatsidhu/Developer/WardenApp/Warden/Utilities/SwipeModifier.swift /Users/karatsidhu/Developer/WardenApp/Warden/UI/Components/ButtonWithStatusIndicator.swift /Users/karatsidhu/Developer/WardenApp/Warden/Utilities/APIHandlers/LMStudioHandler.swift /Users/karatsidhu/Developer/WardenApp/Warden/UI/ChatList/ChatListRow.swift /Users/karatsidhu/Developer/WardenApp/Warden/UI/WelcomeScreen/WelcomeScreen.swift /Users/karatsidhu/Developer/WardenApp/Warden/UI/Preferences/TabAPIServices/APIServiceDetailViewModel.swift /Users/karatsidhu/Developer/WardenApp/Warden/UI/Components/ToastNotification.swift (in target 'Warden' from project 'Warden')
SwiftCompile normal arm64 /Users/karatsidhu/Developer/WardenApp/Warden/Utilities/APIHandlers/MistralHandler.swift (in target 'Warden' from project 'Warden')
    cd /Users/karatsidhu/Developer/WardenApp
    

SwiftCompile normal arm64 /Users/karatsidhu/Developer/WardenApp/Warden/UI/Preferences/TabAPIServicesView.swift (in target 'Warden' from project 'Warden')
    cd /Users/karatsidhu/Developer/WardenApp
    

SwiftCompile normal arm64 /Users/karatsidhu/Developer/WardenApp/Warden/UI/Chat/ChatViewModel.swift (in target 'Warden' from project 'Warden')
    cd /Users/karatsidhu/Developer/WardenApp
    

SwiftCompile normal arm64 /Users/karatsidhu/Developer/WardenApp/Warden/Models/FileAttachment.swift (in target 'Warden' from project 'Warden')
    cd /Users/karatsidhu/Developer/WardenApp
    

SwiftCompile normal arm64 /Users/karatsidhu/Developer/WardenApp/Warden/UI/AnimationShowcase.swift (in target 'Warden' from project 'Warden')
    cd /Users/karatsidhu/Developer/WardenApp
    

SwiftCompile normal arm64 /Users/karatsidhu/Developer/WardenApp/Warden/UI/ContentView.swift (in target 'Warden' from project 'Warden')
    cd /Users/karatsidhu/Developer/WardenApp
    

SwiftCompile normal arm64 /Users/karatsidhu/Developer/WardenApp/Warden/UI/Chat/HTMLPreviewView.swift (in target 'Warden' from project 'Warden')
    cd /Users/karatsidhu/Developer/WardenApp
    

SwiftCompile normal arm64 /Users/karatsidhu/Developer/WardenApp/Warden/UI/Components/RephraseButton.swift (in target 'Warden' from project 'Warden')
    cd /Users/karatsidhu/Developer/WardenApp
    

SwiftCompile normal arm64 /Users/karatsidhu/Developer/WardenApp/Warden/UI/Chat/BubbleView/TableView.swift (in target 'Warden' from project 'Warden')
    cd /Users/karatsidhu/Developer/WardenApp
    

SwiftCompile normal arm64 /Users/karatsidhu/Developer/WardenApp/Warden/Utilities/TokenManager.swift (in target 'Warden' from project 'Warden')
    cd /Users/karatsidhu/Developer/WardenApp
    

SwiftCompile normal arm64 /Users/karatsidhu/Developer/WardenApp/Warden/Utilities/SwipeModifier.swift (in target 'Warden' from project 'Warden')
    cd /Users/karatsidhu/Developer/WardenApp
    

SwiftCompile normal arm64 /Users/karatsidhu/Developer/WardenApp/Warden/UI/Components/ButtonWithStatusIndicator.swift (in target 'Warden' from project 'Warden')
    cd /Users/karatsidhu/Developer/WardenApp
    

SwiftCompile normal arm64 /Users/karatsidhu/Developer/WardenApp/Warden/Utilities/APIHandlers/LMStudioHandler.swift (in target 'Warden' from project 'Warden')
    cd /Users/karatsidhu/Developer/WardenApp
    

SwiftCompile normal arm64 /Users/karatsidhu/Developer/WardenApp/Warden/UI/ChatList/ChatListRow.swift (in target 'Warden' from project 'Warden')
    cd /Users/karatsidhu/Developer/WardenApp
    

SwiftCompile normal arm64 /Users/karatsidhu/Developer/WardenApp/Warden/UI/WelcomeScreen/WelcomeScreen.swift (in target 'Warden' from project 'Warden')
    cd /Users/karatsidhu/Developer/WardenApp
    

SwiftCompile normal arm64 /Users/karatsidhu/Developer/WardenApp/Warden/UI/Preferences/TabAPIServices/APIServiceDetailViewModel.swift (in target 'Warden' from project 'Warden')
    cd /Users/karatsidhu/Developer/WardenApp
    

SwiftCompile normal arm64 /Users/karatsidhu/Developer/WardenApp/Warden/UI/Components/ToastNotification.swift (in target 'Warden' from project 'Warden')
    cd /Users/karatsidhu/Developer/WardenApp
    

SwiftCompile normal arm64 Compiling\ RephraseService.swift,\ CodeView.swift,\ ModelMetadataFetcher.swift,\ PreferencesView.swift,\ MessageParser.swift,\ MultiAgentMessageManager.swift,\ DatabasePatcher.swift,\ CodeViewModel.swift,\ RequestMessagesTransformer.swift,\ UpdaterManager.swift,\ OpenRouterHandler.swift,\ ChatView.swift,\ APIProtocol.swift,\ PreviewStateManager.swift,\ APIServiceFactory.swift,\ ChatBottomContainerView.swift,\ CenteredInputView.swift /Users/karatsidhu/Developer/WardenApp/Warden/Utilities/RephraseService.swift /Users/karatsidhu/Developer/WardenApp/Warden/UI/Chat/CodeView/CodeView.swift /Users/karatsidhu/Developer/WardenApp/Warden/Utilities/ModelMetadataFetcher.swift /Users/karatsidhu/Developer/WardenApp/Warden/UI/Preferences/PreferencesView.swift /Users/karatsidhu/Developer/WardenApp/Warden/Utilities/MessageParser.swift /Users/karatsidhu/Developer/WardenApp/Warden/Utilities/MultiAgentMessageManager.swift /Users/karatsidhu/Developer/WardenApp/Warden/Utilities/DatabasePatcher.swift /Users/karatsidhu/Developer/WardenApp/Warden/UI/Chat/CodeView/CodeViewModel.swift /Users/karatsidhu/Developer/WardenApp/Warden/Models/RequestMessagesTransformer.swift /Users/karatsidhu/Developer/WardenApp/Warden/Utilities/UpdaterManager.swift /Users/karatsidhu/Developer/WardenApp/Warden/Utilities/APIHandlers/OpenRouterHandler.swift /Users/karatsidhu/Developer/WardenApp/Warden/UI/Chat/ChatView.swift /Users/karatsidhu/Developer/WardenApp/Warden/Utilities/APIHandlers/APIProtocol.swift /Users/karatsidhu/Developer/WardenApp/Warden/UI/PreviewStateManager.swift /Users/karatsidhu/Developer/WardenApp/Warden/Utilities/APIHandlers/APIServiceFactory.swift /Users/karatsidhu/Developer/WardenApp/Warden/UI/Chat/BottomContainer/ChatBottomContainerView.swift /Users/karatsidhu/Developer/WardenApp/Warden/UI/Chat/CenteredInputView.swift (in target 'Warden' from project 'Warden')
SwiftCompile normal arm64 /Users/karatsidhu/Developer/WardenApp/Warden/Utilities/RephraseService.swift (in target 'Warden' from project 'Warden')
    cd /Users/karatsidhu/Developer/WardenApp
    

SwiftCompile normal arm64 /Users/karatsidhu/Developer/WardenApp/Warden/UI/Chat/CodeView/CodeView.swift (in target 'Warden' from project 'Warden')
    cd /Users/karatsidhu/Developer/WardenApp
    

SwiftCompile normal arm64 /Users/karatsidhu/Developer/WardenApp/Warden/Utilities/ModelMetadataFetcher.swift (in target 'Warden' from project 'Warden')
    cd /Users/karatsidhu/Developer/WardenApp
    

SwiftCompile normal arm64 /Users/karatsidhu/Developer/WardenApp/Warden/UI/Preferences/PreferencesView.swift (in target 'Warden' from project 'Warden')
    cd /Users/karatsidhu/Developer/WardenApp
    

SwiftCompile normal arm64 /Users/karatsidhu/Developer/WardenApp/Warden/Utilities/MessageParser.swift (in target 'Warden' from project 'Warden')
    cd /Users/karatsidhu/Developer/WardenApp
    

SwiftCompile normal arm64 /Users/karatsidhu/Developer/WardenApp/Warden/Utilities/MultiAgentMessageManager.swift (in target 'Warden' from project 'Warden')
    cd /Users/karatsidhu/Developer/WardenApp
    

SwiftCompile normal arm64 /Users/karatsidhu/Developer/WardenApp/Warden/Utilities/DatabasePatcher.swift (in target 'Warden' from project 'Warden')
    cd /Users/karatsidhu/Developer/WardenApp
    

SwiftCompile normal arm64 /Users/karatsidhu/Developer/WardenApp/Warden/UI/Chat/CodeView/CodeViewModel.swift (in target 'Warden' from project 'Warden')
    cd /Users/karatsidhu/Developer/WardenApp
    

SwiftCompile normal arm64 /Users/karatsidhu/Developer/WardenApp/Warden/Models/RequestMessagesTransformer.swift (in target 'Warden' from project 'Warden')
    cd /Users/karatsidhu/Developer/WardenApp
    

SwiftCompile normal arm64 /Users/karatsidhu/Developer/WardenApp/Warden/Utilities/UpdaterManager.swift (in target 'Warden' from project 'Warden')
    cd /Users/karatsidhu/Developer/WardenApp
    

SwiftCompile normal arm64 /Users/karatsidhu/Developer/WardenApp/Warden/Utilities/APIHandlers/OpenRouterHandler.swift (in target 'Warden' from project 'Warden')
    cd /Users/karatsidhu/Developer/WardenApp
    

SwiftCompile normal arm64 /Users/karatsidhu/Developer/WardenApp/Warden/UI/Chat/ChatView.swift (in target 'Warden' from project 'Warden')
    cd /Users/karatsidhu/Developer/WardenApp
    

SwiftCompile normal arm64 /Users/karatsidhu/Developer/WardenApp/Warden/Utilities/APIHandlers/APIProtocol.swift (in target 'Warden' from project 'Warden')
    cd /Users/karatsidhu/Developer/WardenApp
    

SwiftCompile normal arm64 /Users/karatsidhu/Developer/WardenApp/Warden/UI/PreviewStateManager.swift (in target 'Warden' from project 'Warden')
    cd /Users/karatsidhu/Developer/WardenApp
    

SwiftCompile normal arm64 /Users/karatsidhu/Developer/WardenApp/Warden/Utilities/APIHandlers/APIServiceFactory.swift (in target 'Warden' from project 'Warden')
    cd /Users/karatsidhu/Developer/WardenApp
    

SwiftCompile normal arm64 /Users/karatsidhu/Developer/WardenApp/Warden/UI/Chat/BottomContainer/ChatBottomContainerView.swift (in target 'Warden' from project 'Warden')
    cd /Users/karatsidhu/Developer/WardenApp
    

SwiftCompile normal arm64 /Users/karatsidhu/Developer/WardenApp/Warden/UI/Chat/CenteredInputView.swift (in target 'Warden' from project 'Warden')
    cd /Users/karatsidhu/Developer/WardenApp
    

SwiftCompile normal arm64 Compiling\ APIServiceConfig.swift,\ ClaudeHandler.swift,\ MessageInputView.swift,\ TavilyKeyManager.swift,\ ProjectSummaryView.swift,\ ToolbarButton.swift,\ AppConstants.swift,\ TavilySearchService.swift,\ WardenApp.swift,\ Extensions.swift,\ ProjectSettingsView.swift,\ TabDangerZoneView.swift,\ TavilyModels.swift,\ ZoomableImageView.swift,\ EntityListView.swift,\ CreateProjectView.swift,\ APIServiceDetailView.swift /Users/karatsidhu/Developer/WardenApp/Warden/Utilities/APIHandlers/APIServiceConfig.swift /Users/karatsidhu/Developer/WardenApp/Warden/Utilities/APIHandlers/ClaudeHandler.swift /Users/karatsidhu/Developer/WardenApp/Warden/UI/Chat/BottomContainer/MessageInputView.swift /Users/karatsidhu/Developer/WardenApp/Warden/Utilities/TavilyKeyManager.swift /Users/karatsidhu/Developer/WardenApp/Warden/UI/Chat/ProjectSummaryView.swift /Users/karatsidhu/Developer/WardenApp/Warden/UI/Components/ToolbarButton.swift /Users/karatsidhu/Developer/WardenApp/Warden/Configuration/AppConstants.swift /Users/karatsidhu/Developer/WardenApp/Warden/Utilities/TavilySearchService.swift /Users/karatsidhu/Developer/WardenApp/Warden/WardenApp.swift /Users/karatsidhu/Developer/WardenApp/Warden/Utilities/Extensions.swift /Users/karatsidhu/Developer/WardenApp/Warden/UI/ChatList/ProjectSettingsView.swift /Users/karatsidhu/Developer/WardenApp/Warden/UI/Preferences/TabDangerZoneView.swift /Users/karatsidhu/Developer/WardenApp/Warden/Models/TavilyModels.swift /Users/karatsidhu/Developer/WardenApp/Warden/UI/Chat/ZoomableImageView.swift /Users/karatsidhu/Developer/WardenApp/Warden/UI/Components/EntityListView.swift /Users/karatsidhu/Developer/WardenApp/Warden/UI/ChatList/CreateProjectView.swift /Users/karatsidhu/Developer/WardenApp/Warden/UI/Preferences/TabAPIServices/APIServiceDetailView.swift (in target 'Warden' from project 'Warden')

SwiftCompile normal arm64 /Users/karatsidhu/Developer/WardenApp/Warden/Utilities/APIHandlers/APIServiceConfig.swift (in target 'Warden' from project 'Warden')
    cd /Users/karatsidhu/Developer/WardenApp
    

SwiftCompile normal arm64 /Users/karatsidhu/Developer/WardenApp/Warden/Utilities/APIHandlers/ClaudeHandler.swift (in target 'Warden' from project 'Warden')
    cd /Users/karatsidhu/Developer/WardenApp
    

SwiftCompile normal arm64 /Users/karatsidhu/Developer/WardenApp/Warden/UI/Chat/BottomContainer/MessageInputView.swift (in target 'Warden' from project 'Warden')
    cd /Users/karatsidhu/Developer/WardenApp
    

SwiftCompile normal arm64 /Users/karatsidhu/Developer/WardenApp/Warden/Utilities/TavilyKeyManager.swift (in target 'Warden' from project 'Warden')
    cd /Users/karatsidhu/Developer/WardenApp
    

SwiftCompile normal arm64 /Users/karatsidhu/Developer/WardenApp/Warden/UI/Chat/ProjectSummaryView.swift (in target 'Warden' from project 'Warden')
    cd /Users/karatsidhu/Developer/WardenApp
    

SwiftCompile normal arm64 /Users/karatsidhu/Developer/WardenApp/Warden/UI/Components/ToolbarButton.swift (in target 'Warden' from project 'Warden')
    cd /Users/karatsidhu/Developer/WardenApp
    

SwiftCompile normal arm64 /Users/karatsidhu/Developer/WardenApp/Warden/Configuration/AppConstants.swift (in target 'Warden' from project 'Warden')
    cd /Users/karatsidhu/Developer/WardenApp
    

SwiftCompile normal arm64 /Users/karatsidhu/Developer/WardenApp/Warden/Utilities/TavilySearchService.swift (in target 'Warden' from project 'Warden')
    cd /Users/karatsidhu/Developer/WardenApp
    

SwiftCompile normal arm64 /Users/karatsidhu/Developer/WardenApp/Warden/WardenApp.swift (in target 'Warden' from project 'Warden')
    cd /Users/karatsidhu/Developer/WardenApp
    

SwiftCompile normal arm64 /Users/karatsidhu/Developer/WardenApp/Warden/Utilities/Extensions.swift (in target 'Warden' from project 'Warden')
    cd /Users/karatsidhu/Developer/WardenApp
    

SwiftCompile normal arm64 /Users/karatsidhu/Developer/WardenApp/Warden/UI/ChatList/ProjectSettingsView.swift (in target 'Warden' from project 'Warden')
    cd /Users/karatsidhu/Developer/WardenApp
    

SwiftCompile normal arm64 /Users/karatsidhu/Developer/WardenApp/Warden/UI/Preferences/TabDangerZoneView.swift (in target 'Warden' from project 'Warden')
    cd /Users/karatsidhu/Developer/WardenApp
    

SwiftCompile normal arm64 /Users/karatsidhu/Developer/WardenApp/Warden/Models/TavilyModels.swift (in target 'Warden' from project 'Warden')
    cd /Users/karatsidhu/Developer/WardenApp
    

SwiftCompile normal arm64 /Users/karatsidhu/Developer/WardenApp/Warden/UI/Chat/ZoomableImageView.swift (in target 'Warden' from project 'Warden')
    cd /Users/karatsidhu/Developer/WardenApp
    

SwiftCompile normal arm64 /Users/karatsidhu/Developer/WardenApp/Warden/UI/Components/EntityListView.swift (in target 'Warden' from project 'Warden')
    cd /Users/karatsidhu/Developer/WardenApp
    

SwiftCompile normal arm64 /Users/karatsidhu/Developer/WardenApp/Warden/UI/ChatList/CreateProjectView.swift (in target 'Warden' from project 'Warden')
    cd /Users/karatsidhu/Developer/WardenApp
    

SwiftCompile normal arm64 /Users/karatsidhu/Developer/WardenApp/Warden/UI/Preferences/TabAPIServices/APIServiceDetailView.swift (in target 'Warden' from project 'Warden')
    cd /Users/karatsidhu/Developer/WardenApp
    

SwiftCompile normal arm64 Compiling\ GeminiHandler.swift,\ GlobalHotkeyHandler.swift,\ FloatingPanelManager.swift,\ QuickChatView.swift,\ APIServiceEntity+CoreDataClass.swift,\ APIServiceEntity+CoreDataProperties.swift,\ FileEntity+CoreDataClass.swift,\ FileEntity+CoreDataProperties.swift,\ ImageEntity+CoreDataClass.swift,\ ImageEntity+CoreDataProperties.swift,\ PersonaEntity+CoreDataClass.swift,\ PersonaEntity+CoreDataProperties.swift,\ ProjectEntity+CoreDataClass.swift,\ ProjectEntity+CoreDataProperties.swift,\ wardenDataModel+CoreDataModel.swift,\ GeneratedAssetSymbols.swift /Users/karatsidhu/Developer/WardenApp/Warden/Utilities/APIHandlers/GeminiHandler.swift /Users/karatsidhu/Developer/WardenApp/Warden/Utilities/GlobalHotkeyHandler.swift /Users/karatsidhu/Developer/WardenApp/Warden/Utilities/FloatingPanelManager.swift /Users/karatsidhu/Developer/WardenApp/Warden/UI/Chat/QuickChatView.swift /Users/karatsidhu/Library/Developer/Xcode/DerivedData/Warden-egfgtvcdgemxbigyyqzfhhhpjiff/Build/Intermediates.noindex/Warden.build/Debug/Warden.build/DerivedSources/CoreDataGenerated/wardenDataModel/APIServiceEntity+CoreDataClass.swift /Users/karatsidhu/Library/Developer/Xcode/DerivedData/Warden-egfgtvcdgemxbigyyqzfhhhpjiff/Build/Intermediates.noindex/Warden.build/Debug/Warden.build/DerivedSources/CoreDataGenerated/wardenDataModel/APIServiceEntity+CoreDataProperties.swift /Users/karatsidhu/Library/Developer/Xcode/DerivedData/Warden-egfgtvcdgemxbigyyqzfhhhpjiff/Build/Intermediates.noindex/Warden.build/Debug/Warden.build/DerivedSources/CoreDataGenerated/wardenDataModel/FileEntity+CoreDataClass.swift /Users/karatsidhu/Library/Developer/Xcode/DerivedData/Warden-egfgtvcdgemxbigyyqzfhhhpjiff/Build/Intermediates.noindex/Warden.build/Debug/Warden.build/DerivedSources/CoreDataGenerated/wardenDataModel/FileEntity+CoreDataProperties.swift /Users/karatsidhu/Library/Developer/Xcode/DerivedData/Warden-egfgtvcdgemxbigyyqzfhhhpjiff/Build/Intermediates.noindex/Warden.build/Debug/Warden.build/DerivedSources/CoreDataGenerated/wardenDataModel/ImageEntity+CoreDataClass.swift /Users/karatsidhu/Library/Developer/Xcode/DerivedData/Warden-egfgtvcdgemxbigyyqzfhhhpjiff/Build/Intermediates.noindex/Warden.build/Debug/Warden.build/DerivedSources/CoreDataGenerated/wardenDataModel/ImageEntity+CoreDataProperties.swift /Users/karatsidhu/Library/Developer/Xcode/DerivedData/Warden-egfgtvcdgemxbigyyqzfhhhpjiff/Build/Intermediates.noindex/Warden.build/Debug/Warden.build/DerivedSources/CoreDataGenerated/wardenDataModel/PersonaEntity+CoreDataClass.swift /Users/karatsidhu/Library/Developer/Xcode/DerivedData/Warden-egfgtvcdgemxbigyyqzfhhhpjiff/Build/Intermediates.noindex/Warden.build/Debug/Warden.build/DerivedSources/CoreDataGenerated/wardenDataModel/PersonaEntity+CoreDataProperties.swift /Users/karatsidhu/Library/Developer/Xcode/DerivedData/Warden-egfgtvcdgemxbigyyqzfhhhpjiff/Build/Intermediates.noindex/Warden.build/Debug/Warden.build/DerivedSources/CoreDataGenerated/wardenDataModel/ProjectEntity+CoreDataClass.swift /Users/karatsidhu/Library/Developer/Xcode/DerivedData/Warden-egfgtvcdgemxbigyyqzfhhhpjiff/Build/Intermediates.noindex/Warden.build/Debug/Warden.build/DerivedSources/CoreDataGenerated/wardenDataModel/ProjectEntity+CoreDataProperties.swift /Users/karatsidhu/Library/Developer/Xcode/DerivedData/Warden-egfgtvcdgemxbigyyqzfhhhpjiff/Build/Intermediates.noindex/Warden.build/Debug/Warden.build/DerivedSources/CoreDataGenerated/wardenDataModel/wardenDataModel+CoreDataModel.swift /Users/karatsidhu/Library/Developer/Xcode/DerivedData/Warden-egfgtvcdgemxbigyyqzfhhhpjiff/Build/Intermediates.noindex/Warden.build/Debug/Warden.build/DerivedSources/GeneratedAssetSymbols.swift (in target 'Warden' from project 'Warden')
Failed frontend command:
/Applications/Xcode.app/Contents/Developer/Toolchains/XcodeDefault.xctoolchain/usr/bin/swift-frontend -frontend -c -filelist /Users/karatsidhu/Library/Developer/Xcode/DerivedData/Warden-egfgtvcdgemxbigyyqzfhhhpjiff/Build/Intermediates.noindex/Warden.build/Debug/Warden.build/Objects-normal/arm64/sources-1 -primary-file /Users/karatsidhu/Developer/WardenApp/Warden/Utilities/APIHandlers/GeminiHandler.swift -primary-file /Users/karatsidhu/Developer/WardenApp/Warden/Utilities/GlobalHotkeyHandler.swift -primary-file /Users/karatsidhu/Developer/WardenApp/Warden/Utilities/FloatingPanelManager.swift -primary-file /Users/karatsidhu/Developer/WardenApp/Warden/UI/Chat/QuickChatView.swift -primary-file /Users/karatsidhu/Library/Developer/Xcode/DerivedData/Warden-egfgtvcdgemxbigyyqzfhhhpjiff/Build/Intermediates.noindex/Warden.build/Debug/Warden.build/DerivedSources/CoreDataGenerated/wardenDataModel/APIServiceEntity+CoreDataClass.swift -primary-file /Users/karatsidhu/Library/Developer/Xcode/DerivedData/Warden-egfgtvcdgemxbigyyqzfhhhpjiff/Build/Intermediates.noindex/Warden.build/Debug/Warden.build/DerivedSources/CoreDataGenerated/wardenDataModel/APIServiceEntity+CoreDataProperties.swift -primary-file /Users/karatsidhu/Library/Developer/Xcode/DerivedData/Warden-egfgtvcdgemxbigyyqzfhhhpjiff/Build/Intermediates.noindex/Warden.build/Debug/Warden.build/DerivedSources/CoreDataGenerated/wardenDataModel/FileEntity+CoreDataClass.swift -primary-file /Users/karatsidhu/Library/Developer/Xcode/DerivedData/Warden-egfgtvcdgemxbigyyqzfhhhpjiff/Build/Intermediates.noindex/Warden.build/Debug/Warden.build/DerivedSources/CoreDataGenerated/wardenDataModel/FileEntity+CoreDataProperties.swift -primary-file /Users/karatsidhu/Library/Developer/Xcode/DerivedData/Warden-egfgtvcdgemxbigyyqzfhhhpjiff/Build/Intermediates.noindex/Warden.build/Debug/Warden.build/DerivedSources/CoreDataGenerated/wardenDataModel/ImageEntity+CoreDataClass.swift -primary-file /Users/karatsidhu/Library/Developer/Xcode/DerivedData/Warden-egfgtvcdgemxbigyyqzfhhhpjiff/Build/Intermediates.noindex/Warden.build/Debug/Warden.build/DerivedSources/CoreDataGenerated/wardenDataModel/ImageEntity+CoreDataProperties.swift -primary-file /Users/karatsidhu/Library/Developer/Xcode/DerivedData/Warden-egfgtvcdgemxbigyyqzfhhhpjiff/Build/Intermediates.noindex/Warden.build/Debug/Warden.build/DerivedSources/CoreDataGenerated/wardenDataModel/PersonaEntity+CoreDataClass.swift -primary-file /Users/karatsidhu/Library/Developer/Xcode/DerivedData/Warden-egfgtvcdgemxbigyyqzfhhhpjiff/Build/Intermediates.noindex/Warden.build/Debug/Warden.build/DerivedSources/CoreDataGenerated/wardenDataModel/PersonaEntity+CoreDataProperties.swift -primary-file /Users/karatsidhu/Library/Developer/Xcode/DerivedData/Warden-egfgtvcdgemxbigyyqzfhhhpjiff/Build/Intermediates.noindex/Warden.build/Debug/Warden.build/DerivedSources/CoreDataGenerated/wardenDataModel/ProjectEntity+CoreDataClass.swift -primary-file /Users/karatsidhu/Library/Developer/Xcode/DerivedData/Warden-egfgtvcdgemxbigyyqzfhhhpjiff/Build/Intermediates.noindex/Warden.build/Debug/Warden.build/DerivedSources/CoreDataGenerated/wardenDataModel/ProjectEntity+CoreDataProperties.swift -primary-file /Users/karatsidhu/Library/Developer/Xcode/DerivedData/Warden-egfgtvcdgemxbigyyqzfhhhpjiff/Build/Intermediates.noindex/Warden.build/Debug/Warden.build/DerivedSources/CoreDataGenerated/wardenDataModel/wardenDataModel+CoreDataModel.swift -primary-file /Users/karatsidhu/Library/Developer/Xcode/DerivedData/Warden-egfgtvcdgemxbigyyqzfhhhpjiff/Build/Intermediates.noindex/Warden.build/Debug/Warden.build/DerivedSources/GeneratedAssetSymbols.swift -supplementary-output-file-map /Users/karatsidhu/Library/Developer/Xcode/DerivedData/Warden-egfgtvcdgemxbigyyqzfhhhpjiff/Build/Intermediates.noindex/Warden.build/Debug/Warden.build/Objects-normal/arm64/supplementaryOutputs-8 -emit-localized-strings -emit-localized-strings-path /Users/karatsidhu/Library/Developer/Xcode/DerivedData/Warden-egfgtvcdgemxbigyyqzfhhhpjiff/Build/Intermediates.noindex/Warden.build/Debug/Warden.build/Objects-normal/arm64 -target arm64-apple-macos15.0 -module-can-import-version DeveloperToolsSupport 23.0.4 23.0.4 -disable-cross-import-overlay-search -swift-module-cross-import CoreData /Applications/Xcode.app/Contents/Developer/Platforms/MacOSX.platform/Developer/SDKs/MacOSX.sdk/System/Library/Frameworks/CoreData.framework/Modules/CoreData.swiftcrossimport/CloudKit.swiftoverlay -swift-module-cross-import CoreData /Applications/Xcode.app/Contents/Developer/Platforms/MacOSX.platform/Developer/SDKs/MacOSX26.1.sdk/System/Library/Frameworks/CoreData.framework/Modules/CoreData.swiftcrossimport/CloudKit.swiftoverlay -swift-module-cross-import SceneKit /Applications/Xcode.app/Contents/Developer/Platforms/MacOSX.platform/Developer/SDKs/MacOSX.sdk/System/Library/Frameworks/SceneKit.framework/Modules/SceneKit.swiftcrossimport/SwiftUI.swiftoverlay -swift-module-cross-import WebKit /Applications/Xcode.app/Contents/Developer/Platforms/MacOSX.platform/Developer/SDKs/MacOSX.sdk/System/Cryptexes/OS/System/Library/Frameworks/WebKit.framework/Modules/WebKit.swiftcrossimport/SwiftUI.swiftoverlay -swift-module-cross-import WebKit /Applications/Xcode.app/Contents/Developer/Platforms/MacOSX.platform/Developer/SDKs/MacOSX26.1.sdk/System/Library/Frameworks/WebKit.framework/Modules/WebKit.swiftcrossimport/SwiftUI.swiftoverlay -load-resolved-plugin /Applications/Xcode.app/Contents/Developer/Platforms/MacOSX.platform/Developer/usr/lib/swift/host/plugins/libFoundationMacros.dylib\#/Applications/Xcode.app/Contents/Developer/Platforms/MacOSX.platform/Developer/usr/bin/swift-plugin-server\#FoundationMacros -load-resolved-plugin /Applications/Xcode.app/Contents/Developer/Platforms/MacOSX.platform/Developer/usr/lib/swift/host/plugins/libObservationMacros.dylib\#/Applications/Xcode.app/Contents/Developer/Platforms/MacOSX.platform/Developer/usr/bin/swift-plugin-server\#ObservationMacros -load-resolved-plugin /Applications/Xcode.app/Contents/Developer/Platforms/MacOSX.platform/Developer/usr/lib/swift/host/plugins/libPreviewsMacros.dylib\#/Applications/Xcode.app/Contents/Developer/Platforms/MacOSX.platform/Developer/usr/bin/swift-plugin-server\#PreviewsMacros -load-resolved-plugin /Applications/Xcode.app/Contents/Developer/Platforms/MacOSX.platform/Developer/usr/lib/swift/host/plugins/libSwiftMacros.dylib\#/Applications/Xcode.app/Contents/Developer/Platforms/MacOSX.platform/Developer/usr/bin/swift-plugin-server\#SwiftMacros -load-resolved-plugin /Applications/Xcode.app/Contents/Developer/Platforms/MacOSX.platform/Developer/usr/lib/swift/host/plugins/libSwiftUIMacros.dylib\#/Applications/Xcode.app/Contents/Developer/Platforms/MacOSX.platform/Developer/usr/bin/swift-plugin-server\#SwiftUIMacros -disable-implicit-swift-modules -Xcc -fno-implicit-modules -Xcc -fno-implicit-module-maps -explicit-swift-module-map-file /Users/karatsidhu/Library/Developer/Xcode/DerivedData/Warden-egfgtvcdgemxbigyyqzfhhhpjiff/Build/Intermediates.noindex/Warden.build/Debug/Warden.build/Objects-normal/arm64/Warden-dependencies-1.json -Xllvm -aarch64-use-tbi -enable-objc-interop -stack-check -sdk /Applications/Xcode.app/Contents/Developer/Platforms/MacOSX.platform/Developer/SDKs/MacOSX26.1.sdk -I /Users/karatsidhu/Library/Developer/Xcode/DerivedData/Warden-egfgtvcdgemxbigyyqzfhhhpjiff/Build/Products/Debug -F /Users/karatsidhu/Library/Developer/Xcode/DerivedData/Warden-egfgtvcdgemxbigyyqzfhhhpjiff/Build/Products/Debug/PackageFrameworks -F /Users/karatsidhu/Library/Developer/Xcode/DerivedData/Warden-egfgtvcdgemxbigyyqzfhhhpjiff/Build/Products/Debug/PackageFrameworks -F /Users/karatsidhu/Library/Developer/Xcode/DerivedData/Warden-egfgtvcdgemxbigyyqzfhhhpjiff/Build/Products/Debug/PackageFrameworks -F /Users/karatsidhu/Library/Developer/Xcode/DerivedData/Warden-egfgtvcdgemxbigyyqzfhhhpjiff/Build/Products/Debug/PackageFrameworks -F /Users/karatsidhu/Library/Developer/Xcode/DerivedData/Warden-egfgtvcdgemxbigyyqzfhhhpjiff/Build/Products/Debug/PackageFrameworks -F /Users/karatsidhu/Library/Developer/Xcode/DerivedData/Warden-egfgtvcdgemxbigyyqzfhhhpjiff/Build/Products/Debug/PackageFrameworks -F /Users/karatsidhu/Library/Developer/Xcode/DerivedData/Warden-egfgtvcdgemxbigyyqzfhhhpjiff/Build/Products/Debug/PackageFrameworks -F /Users/karatsidhu/Library/Developer/Xcode/DerivedData/Warden-egfgtvcdgemxbigyyqzfhhhpjiff/Build/Products/Debug/PackageFrameworks -F /Users/karatsidhu/Library/Developer/Xcode/DerivedData/Warden-egfgtvcdgemxbigyyqzfhhhpjiff/Build/Products/Debug/PackageFrameworks -F /Users/karatsidhu/Library/Developer/Xcode/DerivedData/Warden-egfgtvcdgemxbigyyqzfhhhpjiff/Build/Products/Debug -no-color-diagnostics -Xcc -fno-color-diagnostics -enable-testing -g -debug-info-format\=dwarf -dwarf-version\=5 -module-cache-path /Users/karatsidhu/Library/Developer/Xcode/DerivedData/Warden-egfgtvcdgemxbigyyqzfhhhpjiff/Build/Intermediates.noindex/SwiftExplicitPrecompiledModules -profile-generate -profile-coverage-mapping -swift-version 5 -enforce-exclusivity\=checked -Onone -D DEBUG -serialize-debugging-options -const-gather-protocols-file /Users/karatsidhu/Library/Developer/Xcode/DerivedData/Warden-egfgtvcdgemxbigyyqzfhhhpjiff/Build/Intermediates.noindex/Warden.build/Debug/Warden.build/Objects-normal/arm64/Warden_const_extract_protocols.json -enable-experimental-feature DebugDescriptionMacro -enable-bare-slash-regex -empty-abi-descriptor -validate-clang-modules-once -clang-build-session-file /Users/karatsidhu/Library/Developer/Xcode/DerivedData/ModuleCache.noindex/Session.modulevalidation -Xcc -working-directory -Xcc /Users/karatsidhu/Developer/WardenApp -enable-anonymous-context-mangled-names -file-compilation-dir /Users/karatsidhu/Developer/WardenApp -Xcc -D_LIBCPP_HARDENING_MODE\=_LIBCPP_HARDENING_MODE_DEBUG -Xcc -ivfsstatcache -Xcc /Users/karatsidhu/Library/Developer/Xcode/DerivedData/SDKStatCaches.noindex/macosx26.1-25B74-3ae1261907bdadc328169391a47051a6.sdkstatcache -Xcc -I/Users/karatsidhu/Library/Developer/Xcode/DerivedData/Warden-egfgtvcdgemxbigyyqzfhhhpjiff/Build/Intermediates.noindex/Warden.build/Debug/Warden.build/swift-overrides.hmap -Xcc -iquote -Xcc /Users/karatsidhu/Library/Developer/Xcode/DerivedData/Warden-egfgtvcdgemxbigyyqzfhhhpjiff/Build/Intermediates.noindex/Warden.build/Debug/Warden.build/Warden-generated-files.hmap -Xcc -I/Users/karatsidhu/Library/Developer/Xcode/DerivedData/Warden-egfgtvcdgemxbigyyqzfhhhpjiff/Build/Intermediates.noindex/Warden.build/Debug/Warden.build/Warden-own-target-headers.hmap -Xcc -I/Users/karatsidhu/Library/Developer/Xcode/DerivedData/Warden-egfgtvcdgemxbigyyqzfhhhpjiff/Build/Intermediates.noindex/Warden.build/Debug/Warden.build/Warden-all-non-framework-target-headers.hmap -Xcc -ivfsoverlay -Xcc /Users/karatsidhu/Library/Developer/Xcode/DerivedData/Warden-egfgtvcdgemxbigyyqzfhhhpjiff/Build/Intermediates.noindex/Warden.build/Debug/Warden-6734d802df34cfc5f15439931c9b84c2-VFS/all-product-headers.yaml -Xcc -iquote -Xcc /Users/karatsidhu/Library/Developer/Xcode/DerivedData/Warden-egfgtvcdgemxbigyyqzfhhhpjiff/Build/Intermediates.noindex/Warden.build/Debug/Warden.build/Warden-project-headers.hmap -Xcc -I/Users/karatsidhu/Library/Developer/Xcode/DerivedData/Warden-egfgtvcdgemxbigyyqzfhhhpjiff/SourcePackages/checkouts/swift-cmark/src/include -Xcc -I/Users/karatsidhu/Library/Developer/Xcode/DerivedData/Warden-egfgtvcdgemxbigyyqzfhhhpjiff/SourcePackages/checkouts/swift-cmark/extensions/include -Xcc -I/Users/karatsidhu/Library/Developer/Xcode/DerivedData/Warden-egfgtvcdgemxbigyyqzfhhhpjiff/SourcePackages/checkouts/swift-markdown/Sources/CAtomic/include -Xcc -I/Users/karatsidhu/Library/Developer/Xcode/DerivedData/Warden-egfgtvcdgemxbigyyqzfhhhpjiff/Build/Products/Debug/include -Xcc -I/Users/karatsidhu/Library/Developer/Xcode/DerivedData/Warden-egfgtvcdgemxbigyyqzfhhhpjiff/Build/Intermediates.noindex/Warden.build/Debug/Warden.build/DerivedSources-normal/arm64 -Xcc -I/Users/karatsidhu/Library/Developer/Xcode/DerivedData/Warden-egfgtvcdgemxbigyyqzfhhhpjiff/Build/Intermediates.noindex/Warden.build/Debug/Warden.build/DerivedSources/arm64 -Xcc -I/Users/karatsidhu/Library/Developer/Xcode/DerivedData/Warden-egfgtvcdgemxbigyyqzfhhhpjiff/Build/Intermediates.noindex/Warden.build/Debug/Warden.build/DerivedSources -Xcc -DDEBUG\=1 -no-auto-bridging-header-chaining -module-name Warden -frontend-parseable-output -disable-clang-spi -target-sdk-version 26.1 -target-sdk-name macosx26.1 -clang-target arm64-apple-macos26.1 -in-process-plugin-server-path /Applications/Xcode.app/Contents/Developer/Toolchains/XcodeDefault.xctoolchain/usr/lib/swift/host/libSwiftInProcPluginServer.dylib -o /Users/karatsidhu/Library/Developer/Xcode/DerivedData/Warden-egfgtvcdgemxbigyyqzfhhhpjiff/Build/Intermediates.noindex/Warden.build/Debug/Warden.build/Objects-normal/arm64/GeminiHandler.o -o /Users/karatsidhu/Library/Developer/Xcode/DerivedData/Warden-egfgtvcdgemxbigyyqzfhhhpjiff/Build/Intermediates.noindex/Warden.build/Debug/Warden.build/Objects-normal/arm64/GlobalHotkeyHandler.o -o /Users/karatsidhu/Library/Developer/Xcode/DerivedData/Warden-egfgtvcdgemxbigyyqzfhhhpjiff/Build/Intermediates.noindex/Warden.build/Debug/Warden.build/Objects-normal/arm64/FloatingPanelManager.o -o /Users/karatsidhu/Library/Developer/Xcode/DerivedData/Warden-egfgtvcdgemxbigyyqzfhhhpjiff/Build/Intermediates.noindex/Warden.build/Debug/Warden.build/Objects-normal/arm64/QuickChatView.o -o /Users/karatsidhu/Library/Developer/Xcode/DerivedData/Warden-egfgtvcdgemxbigyyqzfhhhpjiff/Build/Intermediates.noindex/Warden.build/Debug/Warden.build/Objects-normal/arm64/APIServiceEntity+CoreDataClass.o -o /Users/karatsidhu/Library/Developer/Xcode/DerivedData/Warden-egfgtvcdgemxbigyyqzfhhhpjiff/Build/Intermediates.noindex/Warden.build/Debug/Warden.build/Objects-normal/arm64/APIServiceEntity+CoreDataProperties.o -o /Users/karatsidhu/Library/Developer/Xcode/DerivedData/Warden-egfgtvcdgemxbigyyqzfhhhpjiff/Build/Intermediates.noindex/Warden.build/Debug/Warden.build/Objects-normal/arm64/FileEntity+CoreDataClass.o -o /Users/karatsidhu/Library/Developer/Xcode/DerivedData/Warden-egfgtvcdgemxbigyyqzfhhhpjiff/Build/Intermediates.noindex/Warden.build/Debug/Warden.build/Objects-normal/arm64/FileEntity+CoreDataProperties.o -o /Users/karatsidhu/Library/Developer/Xcode/DerivedData/Warden-egfgtvcdgemxbigyyqzfhhhpjiff/Build/Intermediates.noindex/Warden.build/Debug/Warden.build/Objects-normal/arm64/ImageEntity+CoreDataClass.o -o /Users/karatsidhu/Library/Developer/Xcode/DerivedData/Warden-egfgtvcdgemxbigyyqzfhhhpjiff/Build/Intermediates.noindex/Warden.build/Debug/Warden.build/Objects-normal/arm64/ImageEntity+CoreDataProperties.o -o /Users/karatsidhu/Library/Developer/Xcode/DerivedData/Warden-egfgtvcdgemxbigyyqzfhhhpjiff/Build/Intermediates.noindex/Warden.build/Debug/Warden.build/Objects-normal/arm64/PersonaEntity+CoreDataClass.o -o /Users/karatsidhu/Library/Developer/Xcode/DerivedData/Warden-egfgtvcdgemxbigyyqzfhhhpjiff/Build/Intermediates.noindex/Warden.build/Debug/Warden.build/Objects-normal/arm64/PersonaEntity+CoreDataProperties.o -o /Users/karatsidhu/Library/Developer/Xcode/DerivedData/Warden-egfgtvcdgemxbigyyqzfhhhpjiff/Build/Intermediates.noindex/Warden.build/Debug/Warden.build/Objects-normal/arm64/ProjectEntity+CoreDataClass.o -o /Users/karatsidhu/Library/Developer/Xcode/DerivedData/Warden-egfgtvcdgemxbigyyqzfhhhpjiff/Build/Intermediates.noindex/Warden.build/Debug/Warden.build/Objects-normal/arm64/ProjectEntity+CoreDataProperties.o -o /Users/karatsidhu/Library/Developer/Xcode/DerivedData/Warden-egfgtvcdgemxbigyyqzfhhhpjiff/Build/Intermediates.noindex/Warden.build/Debug/Warden.build/Objects-normal/arm64/wardenDataModel+CoreDataModel.o -o /Users/karatsidhu/Library/Developer/Xcode/DerivedData/Warden-egfgtvcdgemxbigyyqzfhhhpjiff/Build/Intermediates.noindex/Warden.build/Debug/Warden.build/Objects-normal/arm64/GeneratedAssetSymbols.o -index-unit-output-path /Warden.build/Debug/Warden.build/Objects-normal/arm64/GeminiHandler.o -index-unit-output-path /Warden.build/Debug/Warden.build/Objects-normal/arm64/GlobalHotkeyHandler.o -index-unit-output-path /Warden.build/Debug/Warden.build/Objects-normal/arm64/FloatingPanelManager.o -index-unit-output-path /Warden.build/Debug/Warden.build/Objects-normal/arm64/QuickChatView.o -index-unit-output-path /Warden.build/Debug/Warden.build/Objects-normal/arm64/APIServiceEntity+CoreDataClass.o -index-unit-output-path /Warden.build/Debug/Warden.build/Objects-normal/arm64/APIServiceEntity+CoreDataProperties.o -index-unit-output-path /Warden.build/Debug/Warden.build/Objects-normal/arm64/FileEntity+CoreDataClass.o -index-unit-output-path /Warden.build/Debug/Warden.build/Objects-normal/arm64/FileEntity+CoreDataProperties.o -index-unit-output-path /Warden.build/Debug/Warden.build/Objects-normal/arm64/ImageEntity+CoreDataClass.o -index-unit-output-path /Warden.build/Debug/Warden.build/Objects-normal/arm64/ImageEntity+CoreDataProperties.o -index-unit-output-path /Warden.build/Debug/Warden.build/Objects-normal/arm64/PersonaEntity+CoreDataClass.o -index-unit-output-path /Warden.build/Debug/Warden.build/Objects-normal/arm64/PersonaEntity+CoreDataProperties.o -index-unit-output-path /Warden.build/Debug/Warden.build/Objects-normal/arm64/ProjectEntity+CoreDataClass.o -index-unit-output-path /Warden.build/Debug/Warden.build/Objects-normal/arm64/ProjectEntity+CoreDataProperties.o -index-unit-output-path /Warden.build/Debug/Warden.build/Objects-normal/arm64/wardenDataModel+CoreDataModel.o -index-unit-output-path /Warden.build/Debug/Warden.build/Objects-normal/arm64/GeneratedAssetSymbols.o -index-store-path /Users/karatsidhu/Library/Developer/Xcode/DerivedData/Warden-egfgtvcdgemxbigyyqzfhhhpjiff/Index.noindex/DataStore -index-system-modules

SwiftCompile normal arm64 /Users/karatsidhu/Developer/WardenApp/Warden/Utilities/APIHandlers/GeminiHandler.swift (in target 'Warden' from project 'Warden')
    cd /Users/karatsidhu/Developer/WardenApp
    

SwiftCompile normal arm64 /Users/karatsidhu/Developer/WardenApp/Warden/Utilities/GlobalHotkeyHandler.swift (in target 'Warden' from project 'Warden')
    cd /Users/karatsidhu/Developer/WardenApp
    

SwiftCompile normal arm64 /Users/karatsidhu/Developer/WardenApp/Warden/Utilities/FloatingPanelManager.swift (in target 'Warden' from project 'Warden')
    cd /Users/karatsidhu/Developer/WardenApp
    

SwiftCompile normal arm64 /Users/karatsidhu/Developer/WardenApp/Warden/UI/Chat/QuickChatView.swift (in target 'Warden' from project 'Warden')
    cd /Users/karatsidhu/Developer/WardenApp
    
/Users/karatsidhu/Developer/WardenApp/Warden/UI/Chat/QuickChatView.swift:31:59: error: value of type 'NSOrderedSet' has no member 'isEmpty'
            if let chat = quickChatEntity, !chat.messages.isEmpty || isStreaming {
                                            ~~~~~~~~~~~~~ ^~~~~~~
/Users/karatsidhu/Developer/WardenApp/Warden/UI/Chat/QuickChatView.swift:212:34: warning: immutable value 'chat' was never used; consider replacing with '_' or removing it
        guard !text.isEmpty, let chat = quickChatEntity else { return }
                             ~~~~^~~~
                             _
/Users/karatsidhu/Developer/WardenApp/Warden/UI/Chat/QuickChatView.swift:229:17: error: cannot find 'chat' in scope
             if chat.apiService == nil {
                ^~~~
/Users/karatsidhu/Developer/WardenApp/Warden/UI/Chat/QuickChatView.swift:324:55: warning: forced cast of 'NSFetchRequest<APIServiceEntity>' to same type has no effect
        let request = APIServiceEntity.fetchRequest() as! NSFetchRequest<APIServiceEntity>
                                                      ^~~~~~~~~~~~~~~~~~~~~~~~~~~~~~~~~~~~
                                                      
/Users/karatsidhu/Developer/WardenApp/Warden/UI/Chat/QuickChatView.swift:367:55: warning: forced cast of 'NSFetchRequest<APIServiceEntity>' to same type has no effect
        let request = APIServiceEntity.fetchRequest() as! NSFetchRequest<APIServiceEntity>
                                                      ^~~~~~~~~~~~~~~~~~~~~~~~~~~~~~~~~~~~
                                                      

SwiftCompile normal arm64 /Users/karatsidhu/Library/Developer/Xcode/DerivedData/Warden-egfgtvcdgemxbigyyqzfhhhpjiff/Build/Intermediates.noindex/Warden.build/Debug/Warden.build/DerivedSources/CoreDataGenerated/wardenDataModel/APIServiceEntity+CoreDataClass.swift (in target 'Warden' from project 'Warden')
    cd /Users/karatsidhu/Developer/WardenApp
    

SwiftCompile normal arm64 /Users/karatsidhu/Library/Developer/Xcode/DerivedData/Warden-egfgtvcdgemxbigyyqzfhhhpjiff/Build/Intermediates.noindex/Warden.build/Debug/Warden.build/DerivedSources/CoreDataGenerated/wardenDataModel/APIServiceEntity+CoreDataProperties.swift (in target 'Warden' from project 'Warden')
    cd /Users/karatsidhu/Developer/WardenApp
    

SwiftCompile normal arm64 /Users/karatsidhu/Library/Developer/Xcode/DerivedData/Warden-egfgtvcdgemxbigyyqzfhhhpjiff/Build/Intermediates.noindex/Warden.build/Debug/Warden.build/DerivedSources/CoreDataGenerated/wardenDataModel/FileEntity+CoreDataClass.swift (in target 'Warden' from project 'Warden')
    cd /Users/karatsidhu/Developer/WardenApp
    

SwiftCompile normal arm64 /Users/karatsidhu/Library/Developer/Xcode/DerivedData/Warden-egfgtvcdgemxbigyyqzfhhhpjiff/Build/Intermediates.noindex/Warden.build/Debug/Warden.build/DerivedSources/CoreDataGenerated/wardenDataModel/FileEntity+CoreDataProperties.swift (in target 'Warden' from project 'Warden')
    cd /Users/karatsidhu/Developer/WardenApp
    

SwiftCompile normal arm64 /Users/karatsidhu/Library/Developer/Xcode/DerivedData/Warden-egfgtvcdgemxbigyyqzfhhhpjiff/Build/Intermediates.noindex/Warden.build/Debug/Warden.build/DerivedSources/CoreDataGenerated/wardenDataModel/ImageEntity+CoreDataClass.swift (in target 'Warden' from project 'Warden')
    cd /Users/karatsidhu/Developer/WardenApp
    

SwiftCompile normal arm64 /Users/karatsidhu/Library/Developer/Xcode/DerivedData/Warden-egfgtvcdgemxbigyyqzfhhhpjiff/Build/Intermediates.noindex/Warden.build/Debug/Warden.build/DerivedSources/CoreDataGenerated/wardenDataModel/ImageEntity+CoreDataProperties.swift (in target 'Warden' from project 'Warden')
    cd /Users/karatsidhu/Developer/WardenApp
    

SwiftCompile normal arm64 /Users/karatsidhu/Library/Developer/Xcode/DerivedData/Warden-egfgtvcdgemxbigyyqzfhhhpjiff/Build/Intermediates.noindex/Warden.build/Debug/Warden.build/DerivedSources/CoreDataGenerated/wardenDataModel/PersonaEntity+CoreDataClass.swift (in target 'Warden' from project 'Warden')
    cd /Users/karatsidhu/Developer/WardenApp
    

SwiftCompile normal arm64 /Users/karatsidhu/Library/Developer/Xcode/DerivedData/Warden-egfgtvcdgemxbigyyqzfhhhpjiff/Build/Intermediates.noindex/Warden.build/Debug/Warden.build/DerivedSources/CoreDataGenerated/wardenDataModel/PersonaEntity+CoreDataProperties.swift (in target 'Warden' from project 'Warden')
    cd /Users/karatsidhu/Developer/WardenApp
    

SwiftCompile normal arm64 /Users/karatsidhu/Library/Developer/Xcode/DerivedData/Warden-egfgtvcdgemxbigyyqzfhhhpjiff/Build/Intermediates.noindex/Warden.build/Debug/Warden.build/DerivedSources/CoreDataGenerated/wardenDataModel/ProjectEntity+CoreDataClass.swift (in target 'Warden' from project 'Warden')
    cd /Users/karatsidhu/Developer/WardenApp
    

SwiftCompile normal arm64 /Users/karatsidhu/Library/Developer/Xcode/DerivedData/Warden-egfgtvcdgemxbigyyqzfhhhpjiff/Build/Intermediates.noindex/Warden.build/Debug/Warden.build/DerivedSources/CoreDataGenerated/wardenDataModel/ProjectEntity+CoreDataProperties.swift (in target 'Warden' from project 'Warden')
    cd /Users/karatsidhu/Developer/WardenApp
    

SwiftCompile normal arm64 /Users/karatsidhu/Library/Developer/Xcode/DerivedData/Warden-egfgtvcdgemxbigyyqzfhhhpjiff/Build/Intermediates.noindex/Warden.build/Debug/Warden.build/DerivedSources/CoreDataGenerated/wardenDataModel/wardenDataModel+CoreDataModel.swift (in target 'Warden' from project 'Warden')
    cd /Users/karatsidhu/Developer/WardenApp
    

SwiftCompile normal arm64 /Users/karatsidhu/Library/Developer/Xcode/DerivedData/Warden-egfgtvcdgemxbigyyqzfhhhpjiff/Build/Intermediates.noindex/Warden.build/Debug/Warden.build/DerivedSources/GeneratedAssetSymbols.swift (in target 'Warden' from project 'Warden')
    cd /Users/karatsidhu/Developer/WardenApp
    

SwiftCompile normal arm64 Compiling\ AnimationModifiers.swift,\ ChatStore.swift,\ SearchModels.swift,\ TabAIPersonasView.swift,\ ButtonTestApiTokenAndModel.swift,\ MarkdownView.swift,\ BackgroundDataLoader.swift,\ TabHotkeysView.swift,\ SettingsView.swift,\ ModelMetadata.swift,\ ModelMetadataCache.swift,\ AdaptiveMathView.swift,\ ModelSelectorDropdown.swift,\ ChatSharingService.swift,\ AnimatedStateView.swift,\ SkeletonLoaderView.swift /Users/karatsidhu/Developer/WardenApp/Warden/UI/Modifiers/AnimationModifiers.swift /Users/karatsidhu/Developer/WardenApp/Warden/Store/ChatStore.swift /Users/karatsidhu/Developer/WardenApp/Warden/Models/SearchModels.swift /Users/karatsidhu/Developer/WardenApp/Warden/UI/Preferences/TabAIPersonasView.swift /Users/karatsidhu/Developer/WardenApp/Warden/UI/Preferences/TabAPIServices/ButtonTestApiTokenAndModel.swift /Users/karatsidhu/Developer/WardenApp/Warden/UI/Components/MarkdownView.swift /Users/karatsidhu/Developer/WardenApp/Warden/Utilities/BackgroundDataLoader.swift /Users/karatsidhu/Developer/WardenApp/Warden/UI/Preferences/TabHotkeysView.swift /Users/karatsidhu/Developer/WardenApp/Warden/UI/Preferences/SettingsView.swift /Users/karatsidhu/Developer/WardenApp/Warden/Utilities/ModelMetadata.swift /Users/karatsidhu/Developer/WardenApp/Warden/Utilities/ModelMetadataCache.swift /Users/karatsidhu/Developer/WardenApp/Warden/UI/Chat/BubbleView/AdaptiveMathView.swift /Users/karatsidhu/Developer/WardenApp/Warden/UI/Components/ModelSelectorDropdown.swift /Users/karatsidhu/Developer/WardenApp/Warden/Utilities/ChatSharingService.swift /Users/karatsidhu/Developer/WardenApp/Warden/UI/Components/AnimatedStateView.swift /Users/karatsidhu/Developer/WardenApp/Warden/UI/Components/SkeletonLoaderView.swift (in target 'Warden' from project 'Warden')

** BUILD FAILED **


The following build commands failed:
	SwiftCompile normal arm64 Compiling\ GeminiHandler.swift,\ GlobalHotkeyHandler.swift,\ FloatingPanelManager.swift,\ QuickChatView.swift,\ APIServiceEntity+CoreDataClass.swift,\ APIServiceEntity+CoreDataProperties.swift,\ FileEntity+CoreDataClass.swift,\ FileEntity+CoreDataProperties.swift,\ ImageEntity+CoreDataClass.swift,\ ImageEntity+CoreDataProperties.swift,\ PersonaEntity+CoreDataClass.swift,\ PersonaEntity+CoreDataProperties.swift,\ ProjectEntity+CoreDataClass.swift,\ ProjectEntity+CoreDataProperties.swift,\ wardenDataModel+CoreDataModel.swift,\ GeneratedAssetSymbols.swift /Users/karatsidhu/Developer/WardenApp/Warden/Utilities/APIHandlers/GeminiHandler.swift /Users/karatsidhu/Developer/WardenApp/Warden/Utilities/GlobalHotkeyHandler.swift /Users/karatsidhu/Developer/WardenApp/Warden/Utilities/FloatingPanelManager.swift /Users/karatsidhu/Developer/WardenApp/Warden/UI/Chat/QuickChatView.swift /Users/karatsidhu/Library/Developer/Xcode/DerivedData/Warden-egfgtvcdgemxbigyyqzfhhhpjiff/Build/Intermediates.noindex/Warden.build/Debug/Warden.build/DerivedSources/CoreDataGenerated/wardenDataModel/APIServiceEntity+CoreDataClass.swift /Users/karatsidhu/Library/Developer/Xcode/DerivedData/Warden-egfgtvcdgemxbigyyqzfhhhpjiff/Build/Intermediates.noindex/Warden.build/Debug/Warden.build/DerivedSources/CoreDataGenerated/wardenDataModel/APIServiceEntity+CoreDataProperties.swift /Users/karatsidhu/Library/Developer/Xcode/DerivedData/Warden-egfgtvcdgemxbigyyqzfhhhpjiff/Build/Intermediates.noindex/Warden.build/Debug/Warden.build/DerivedSources/CoreDataGenerated/wardenDataModel/FileEntity+CoreDataClass.swift /Users/karatsidhu/Library/Developer/Xcode/DerivedData/Warden-egfgtvcdgemxbigyyqzfhhhpjiff/Build/Intermediates.noindex/Warden.build/Debug/Warden.build/DerivedSources/CoreDataGenerated/wardenDataModel/FileEntity+CoreDataProperties.swift /Users/karatsidhu/Library/Developer/Xcode/DerivedData/Warden-egfgtvcdgemxbigyyqzfhhhpjiff/Build/Intermediates.noindex/Warden.build/Debug/Warden.build/DerivedSources/CoreDataGenerated/wardenDataModel/ImageEntity+CoreDataClass.swift /Users/karatsidhu/Library/Developer/Xcode/DerivedData/Warden-egfgtvcdgemxbigyyqzfhhhpjiff/Build/Intermediates.noindex/Warden.build/Debug/Warden.build/DerivedSources/CoreDataGenerated/wardenDataModel/ImageEntity+CoreDataProperties.swift /Users/karatsidhu/Library/Developer/Xcode/DerivedData/Warden-egfgtvcdgemxbigyyqzfhhhpjiff/Build/Intermediates.noindex/Warden.build/Debug/Warden.build/DerivedSources/CoreDataGenerated/wardenDataModel/PersonaEntity+CoreDataClass.swift /Users/karatsidhu/Library/Developer/Xcode/DerivedData/Warden-egfgtvcdgemxbigyyqzfhhhpjiff/Build/Intermediates.noindex/Warden.build/Debug/Warden.build/DerivedSources/CoreDataGenerated/wardenDataModel/PersonaEntity+CoreDataProperties.swift /Users/karatsidhu/Library/Developer/Xcode/DerivedData/Warden-egfgtvcdgemxbigyyqzfhhhpjiff/Build/Intermediates.noindex/Warden.build/Debug/Warden.build/DerivedSources/CoreDataGenerated/wardenDataModel/ProjectEntity+CoreDataClass.swift /Users/karatsidhu/Library/Developer/Xcode/DerivedData/Warden-egfgtvcdgemxbigyyqzfhhhpjiff/Build/Intermediates.noindex/Warden.build/Debug/Warden.build/DerivedSources/CoreDataGenerated/wardenDataModel/ProjectEntity+CoreDataProperties.swift /Users/karatsidhu/Library/Developer/Xcode/DerivedData/Warden-egfgtvcdgemxbigyyqzfhhhpjiff/Build/Intermediates.noindex/Warden.build/Debug/Warden.build/DerivedSources/CoreDataGenerated/wardenDataModel/wardenDataModel+CoreDataModel.swift /Users/karatsidhu/Library/Developer/Xcode/DerivedData/Warden-egfgtvcdgemxbigyyqzfhhhpjiff/Build/Intermediates.noindex/Warden.build/Debug/Warden.build/DerivedSources/GeneratedAssetSymbols.swift (in target 'Warden' from project 'Warden')
	SwiftCompile normal arm64 /Users/karatsidhu/Developer/WardenApp/Warden/UI/Chat/QuickChatView.swift (in target 'Warden' from project 'Warden')
	Building project Warden with scheme Warden
(3 failures)
